// Bun Snapshot v1, https://bun.sh/docs/test/snapshots

exports[`parseViaduct parses SAMPLE_VIADUCT and matches snapshot 1`] = `
{
  "entries": [
    {
      "entry": {
        "companions": undefined,
        "confidence": "confirmed",
        "createdAt": undefined,
        "dedupeKey": "leg|2026-05-17|BERLIN HBF|HAMBURG HBF",
        "end": "2026-05-17T11:20",
        "endTz": "Europe/Berlin",
        "endUTC": "2026-05-17T09:20:00.000Z",
        "from": "Berlin Hbf",
        "id": undefined,
        "journal": "Quiet coach",
        "kind": "leg",
        "mode": "rail",
        "operator": "DB",
        "purpose": undefined,
        "raw": {
          "Arrival time": "11:20",
          "Date": "2026-05-17",
          "Departure time": "09:34",
          "Destination": "Hamburg Hbf",
          "Notes": "Quiet coach",
          "Operator": "DB",
          "Origin": "Berlin Hbf",
          "Seat": "Coach 5 / 61",
          "Train number": "ICE 703",
        },
        "seat": "Coach 5 / 61",
        "source": "viaduct",
        "start": "2026-05-17T09:34",
        "startTz": "Europe/Berlin",
        "startUTC": "2026-05-17T07:34:00.000Z",
        "tier": 2,
        "to": "Hamburg Hbf",
        "trainNumber": "ICE 703",
      },
      "sourceRow": 2,
      "warnings": [],
    },
    {
      "entry": {
        "companions": undefined,
        "confidence": "confirmed",
        "createdAt": undefined,
        "dedupeKey": "leg|2026-05-19|HAMBURG HBF|AMSTERDAM CENTRAAL",
        "end": "2026-05-19T15:39",
        "endTz": "Europe/Amsterdam",
        "endUTC": "2026-05-19T13:39:00.000Z",
        "from": "Hamburg Hbf",
        "id": undefined,
        "journal": undefined,
        "kind": "leg",
        "mode": "rail",
        "operator": "DB",
        "purpose": undefined,
        "raw": {
          "Arrival time": "15:39",
          "Date": "2026-05-19",
          "Departure time": "10:21",
          "Destination": "Amsterdam Centraal",
          "Notes": "",
          "Operator": "DB",
          "Origin": "Hamburg Hbf",
          "Seat": "Coach 3 / 22",
          "Train number": "IC 145",
        },
        "seat": "Coach 3 / 22",
        "source": "viaduct",
        "start": "2026-05-19T10:21",
        "startTz": "Europe/Berlin",
        "startUTC": "2026-05-19T08:21:00.000Z",
        "tier": 2,
        "to": "Amsterdam Centraal",
        "trainNumber": "IC 145",
      },
      "sourceRow": 3,
      "warnings": [],
    },
    {
      "entry": {
        "companions": undefined,
        "confidence": "confirmed",
        "createdAt": undefined,
        "dedupeKey": "leg|2026-08-06|TOKYO|KYOTO",
        "end": "2026-08-06T10:15",
        "endTz": "Asia/Tokyo",
        "endUTC": "2026-08-06T01:15:00.000Z",
        "from": "Tokyo",
        "id": undefined,
        "journal": "Fuji visible on the right",
        "kind": "leg",
        "mode": "rail",
        "operator": "JR Central",
        "purpose": undefined,
        "raw": {
          "Arrival time": "10:15",
          "Date": "2026-08-06",
          "Departure time": "08:00",
          "Destination": "Kyoto",
          "Notes": "Fuji visible on the right",
          "Operator": "JR Central",
          "Origin": "Tokyo",
          "Seat": "Car 12 / 3E",
          "Train number": "Nozomi 7",
        },
        "seat": "Car 12 / 3E",
        "source": "viaduct",
        "start": "2026-08-06T08:00",
        "startTz": "Asia/Tokyo",
        "startUTC": "2026-08-05T23:00:00.000Z",
        "tier": 2,
        "to": "Kyoto",
        "trainNumber": "Nozomi 7",
      },
      "sourceRow": 4,
      "warnings": [],
    },
    {
      "entry": {
        "companions": undefined,
        "confidence": "confirmed",
        "createdAt": undefined,
        "dedupeKey": "leg|2026-08-09|KYOTO|TOKYO",
        "end": "2026-08-09T18:45",
        "endTz": "Asia/Tokyo",
        "endUTC": "2026-08-09T09:45:00.000Z",
        "from": "Kyoto",
        "id": undefined,
        "journal": undefined,
        "kind": "leg",
        "mode": "rail",
        "operator": "JR Central",
        "purpose": undefined,
        "raw": {
          "Arrival time": "18:45",
          "Date": "2026-08-09",
          "Departure time": "16:30",
          "Destination": "Tokyo",
          "Notes": "",
          "Operator": "JR Central",
          "Origin": "Kyoto",
          "Seat": "Car 8 / 14A",
          "Train number": "Nozomi 238",
        },
        "seat": "Car 8 / 14A",
        "source": "viaduct",
        "start": "2026-08-09T16:30",
        "startTz": "Asia/Tokyo",
        "startUTC": "2026-08-09T07:30:00.000Z",
        "tier": 2,
        "to": "Tokyo",
        "trainNumber": "Nozomi 238",
      },
      "sourceRow": 5,
      "warnings": [],
    },
  ],
  "errors": [],
}
`;

exports[`parseSetlist parses SAMPLE_SETLIST and matches snapshot 1`] = `
{
  "entries": [
    {
      "entry": {
        "artist": "Caribou",
        "category": "concert",
        "city": "Berlin",
        "companions": undefined,
        "confidence": "confirmed",
        "country": "Germany",
        "createdAt": undefined,
        "dedupeKey": "event|2026-05-15|caribou",
        "id": undefined,
        "kind": "event",
        "purpose": undefined,
        "raw": {
          "artist": {
            "name": "Caribou",
          },
          "eventDate": "15-05-2026",
          "sets": {
            "set": [
              {
                "song": [
                  {
                    "name": "Sun",
                  },
                  {
                    "name": "Odessa",
                  },
                  {
                    "name": "Can't Do Without You",
                  },
                  {
                    "name": "Home",
                  },
                ],
              },
            ],
          },
          "tour": {
            "name": "Honey Tour",
          },
          "venue": {
            "city": {
              "country": {
                "name": "Germany",
              },
              "name": "Berlin",
            },
            "name": "Tempodrom",
          },
        },
        "setlist": [
          "Sun",
          "Odessa",
          "Can't Do Without You",
          "Home",
        ],
        "source": "setlistfm",
        "start": "2026-05-15",
        "startTz": "Europe/Berlin",
        "startUTC": undefined,
        "tier": 2,
        "tour": "Honey Tour",
        "venue": "Tempodrom",
      },
      "sourceRow": 1,
      "warnings": [],
    },
    {
      "entry": {
        "artist": "Kraftwerk",
        "category": "concert",
        "city": "Hamburg",
        "companions": undefined,
        "confidence": "confirmed",
        "country": "Germany",
        "createdAt": undefined,
        "dedupeKey": "event|2026-05-18|kraftwerk",
        "id": undefined,
        "kind": "event",
        "purpose": undefined,
        "raw": {
          "artist": {
            "name": "Kraftwerk",
          },
          "eventDate": "18-05-2026",
          "sets": {
            "set": [
              {
                "song": [
                  {
                    "name": "Numbers",
                  },
                  {
                    "name": "Computer World",
                  },
                  {
                    "name": "Autobahn",
                  },
                  {
                    "name": "Trans-Europe Express",
                  },
                ],
              },
            ],
          },
          "venue": {
            "city": {
              "country": {
                "name": "Germany",
              },
              "name": "Hamburg",
            },
            "name": "Elbphilharmonie",
          },
        },
        "setlist": [
          "Numbers",
          "Computer World",
          "Autobahn",
          "Trans-Europe Express",
        ],
        "source": "setlistfm",
        "start": "2026-05-18",
        "startTz": "Europe/Berlin",
        "startUTC": undefined,
        "tier": 2,
        "tour": undefined,
        "venue": "Elbphilharmonie",
      },
      "sourceRow": 2,
      "warnings": [],
    },
    {
      "entry": {
        "artist": "Cornelius",
        "category": "concert",
        "city": "Kyoto",
        "companions": undefined,
        "confidence": "confirmed",
        "country": "Japan",
        "createdAt": undefined,
        "dedupeKey": "event|2026-08-07|cornelius",
        "id": undefined,
        "kind": "event",
        "purpose": undefined,
        "raw": {
          "artist": {
            "name": "Cornelius",
          },
          "eventDate": "07-08-2026",
          "sets": {
            "set": [
              {
                "song": [
                  {
                    "name": "Star Fruits Surf Rider",
                  },
                  {
                    "name": "Point of View Point",
                  },
                  {
                    "name": "Drop",
                  },
                ],
              },
            ],
          },
          "venue": {
            "city": {
              "country": {
                "name": "Japan",
              },
              "name": "Kyoto",
            },
            "name": "Rohm Theatre",
          },
        },
        "setlist": [
          "Star Fruits Surf Rider",
          "Point of View Point",
          "Drop",
        ],
        "source": "setlistfm",
        "start": "2026-08-07",
        "startTz": "Asia/Tokyo",
        "startUTC": undefined,
        "tier": 2,
        "tour": undefined,
        "venue": "Rohm Theatre",
      },
      "sourceRow": 3,
      "warnings": [],
    },
  ],
  "errors": [],
}
`;

exports[`parseGeneric (stays) parses SAMPLE_GENERIC and matches snapshot 1`] = `
{
  "entries": [
    {
      "entry": {
        "city": "Berlin",
        "companions": undefined,
        "confidence": "inferred",
        "createdAt": undefined,
        "dedupeKey": "stay|2026-05-14|michelberger hotel",
        "end": "2026-05-17",
        "endTz": "Europe/Berlin",
        "endUTC": undefined,
        "id": undefined,
        "journal": "Room 212 facing the Spree",
        "kind": "stay",
        "place": "Michelberger Hotel",
        "purpose": undefined,
        "raw": {
          "city": "Berlin",
          "end": "2026-05-17",
          "notes": "Room 212 facing the Spree",
          "place": "Michelberger Hotel",
          "start": "2026-05-14",
          "tier": "3",
          "type": "stay",
        },
        "source": "generic",
        "start": "2026-05-14",
        "startTz": "Europe/Berlin",
        "startUTC": undefined,
        "tier": 3,
      },
      "sourceRow": 2,
      "warnings": [],
    },
    {
      "entry": {
        "city": "Hamburg",
        "companions": undefined,
        "confidence": "inferred",
        "createdAt": undefined,
        "dedupeKey": "stay|2026-05-17|25hours altes hafenamt",
        "end": "2026-05-19",
        "endTz": "Europe/Berlin",
        "endUTC": undefined,
        "id": undefined,
        "journal": undefined,
        "kind": "stay",
        "place": "25hours Altes Hafenamt",
        "purpose": undefined,
        "raw": {
          "city": "Hamburg",
          "end": "2026-05-19",
          "notes": "",
          "place": "25hours Altes Hafenamt",
          "start": "2026-05-17",
          "tier": "3",
          "type": "stay",
        },
        "source": "generic",
        "start": "2026-05-17",
        "startTz": "Europe/Berlin",
        "startUTC": undefined,
        "tier": 3,
      },
      "sourceRow": 3,
      "warnings": [],
    },
    {
      "entry": {
        "city": "Tokyo",
        "companions": undefined,
        "confidence": "inferred",
        "createdAt": undefined,
        "dedupeKey": "stay|2026-08-03|trunk hotel",
        "end": "2026-08-06",
        "endTz": "Asia/Tokyo",
        "endUTC": undefined,
        "id": undefined,
        "journal": undefined,
        "kind": "stay",
        "place": "Trunk Hotel",
        "purpose": undefined,
        "raw": {
          "city": "Tokyo",
          "end": "2026-08-06",
          "notes": "",
          "place": "Trunk Hotel",
          "start": "2026-08-03",
          "tier": "3",
          "type": "stay",
        },
        "source": "generic",
        "start": "2026-08-03",
        "startTz": "Asia/Tokyo",
        "startUTC": undefined,
        "tier": 3,
      },
      "sourceRow": 4,
      "warnings": [],
    },
    {
      "entry": {
        "city": "Kyoto",
        "companions": undefined,
        "confidence": "inferred",
        "createdAt": undefined,
        "dedupeKey": "stay|2026-08-06|ace hotel",
        "end": "2026-08-09",
        "endTz": "Asia/Tokyo",
        "endUTC": undefined,
        "id": undefined,
        "journal": undefined,
        "kind": "stay",
        "place": "Ace Hotel",
        "purpose": undefined,
        "raw": {
          "city": "Kyoto",
          "end": "2026-08-09",
          "notes": "",
          "place": "Ace Hotel",
          "start": "2026-08-06",
          "tier": "3",
          "type": "stay",
        },
        "source": "generic",
        "start": "2026-08-06",
        "startTz": "Asia/Tokyo",
        "startUTC": undefined,
        "tier": 3,
      },
      "sourceRow": 5,
      "warnings": [],
    },
  ],
  "errors": [],
}
`;

exports[`parseGeneric (life events) parses SAMPLE_LIFE and matches snapshot 1`] = `
{
  "entries": [
    {
      "entry": {
        "artist": "Mum's 60th birthday",
        "category": "celebration",
        "city": "London",
        "companions": [
          "Mum",
          "Dad",
          "Sara",
        ],
        "confidence": "inferred",
        "createdAt": undefined,
        "dedupeKey": "event|2026-03-21|mum's 60th birthday",
        "end": undefined,
        "endTz": undefined,
        "endUTC": undefined,
        "id": undefined,
        "journal": "Surprise speech went well",
        "kind": "event",
        "people": [
          "Mum",
          "Dad",
          "Sara",
        ],
        "purpose": undefined,
        "raw": {
          "city": "London",
          "notes": "Surprise speech went well",
          "people": "Mum;Dad;Sara",
          "start": "2026-03-21",
          "title": "Mum's 60th birthday",
          "type": "birthday",
          "venue": "The Ivy",
        },
        "source": "generic",
        "start": "2026-03-21",
        "startTz": "Europe/London",
        "startUTC": undefined,
        "tier": 3,
        "venue": "The Ivy",
      },
      "sourceRow": 2,
      "warnings": [],
    },
    {
      "entry": {
        "artist": "Book club supper",
        "category": "gathering",
        "city": "London",
        "companions": [
          "Ana",
          "Tom",
          "Priya",
        ],
        "confidence": "inferred",
        "createdAt": undefined,
        "dedupeKey": "event|2026-04-11|book club supper",
        "end": undefined,
        "endTz": undefined,
        "endUTC": undefined,
        "id": undefined,
        "journal": undefined,
        "kind": "event",
        "people": [
          "Ana",
          "Tom",
          "Priya",
        ],
        "purpose": undefined,
        "raw": {
          "city": "London",
          "notes": "",
          "people": "Ana;Tom;Priya",
          "start": "2026-04-11",
          "title": "Book club supper",
          "type": "gathering",
          "venue": "Home",
        },
        "source": "generic",
        "start": "2026-04-11",
        "startTz": "Europe/London",
        "startUTC": undefined,
        "tier": 3,
        "venue": "Home",
      },
      "sourceRow": 3,
      "warnings": [],
    },
    {
      "entry": {
        "artist": "Started new job",
        "category": "milestone",
        "city": "London",
        "companions": undefined,
        "confidence": "inferred",
        "createdAt": undefined,
        "dedupeKey": "event|2026-06-02|started new job",
        "end": undefined,
        "endTz": undefined,
        "endUTC": undefined,
        "id": undefined,
        "journal": "First day nerves",
        "kind": "event",
        "people": undefined,
        "purpose": undefined,
        "raw": {
          "city": "London",
          "notes": "First day nerves",
          "people": "",
          "start": "2026-06-02",
          "title": "Started new job",
          "type": "milestone",
          "venue": "Studio North",
        },
        "source": "generic",
        "start": "2026-06-02",
        "startTz": "Europe/London",
        "startUTC": undefined,
        "tier": 3,
        "venue": "Studio North",
      },
      "sourceRow": 4,
      "warnings": [],
    },
    {
      "entry": {
        "artist": "Tom & Ana's wedding",
        "category": "celebration",
        "city": "London",
        "companions": [
          "Tom",
          "Ana",
        ],
        "confidence": "inferred",
        "createdAt": undefined,
        "dedupeKey": "event|2026-07-18|tom & ana's wedding",
        "end": undefined,
        "endTz": undefined,
        "endUTC": undefined,
        "id": undefined,
        "journal": "Danced until 1am",
        "kind": "event",
        "people": [
          "Tom",
          "Ana",
        ],
        "purpose": undefined,
        "raw": {
          "city": "London",
          "notes": "Danced until 1am",
          "people": "Tom;Ana",
          "start": "2026-07-18",
          "title": "Tom & Ana's wedding",
          "type": "wedding",
          "venue": "Kew Gardens",
        },
        "source": "generic",
        "start": "2026-07-18",
        "startTz": "Europe/London",
        "startUTC": undefined,
        "tier": 3,
        "venue": "Kew Gardens",
      },
      "sourceRow": 5,
      "warnings": [],
    },
    {
      "entry": {
        "artist": "First swim in the lido this year",
        "category": "memory",
        "city": "London",
        "companions": undefined,
        "confidence": "inferred",
        "createdAt": undefined,
        "dedupeKey": "event|2026-09-05|first swim in the lido this year",
        "end": undefined,
        "endTz": undefined,
        "endUTC": undefined,
        "id": undefined,
        "journal": undefined,
        "kind": "event",
        "people": undefined,
        "purpose": undefined,
        "raw": {
          "city": "London",
          "notes": "",
          "people": "",
          "start": "2026-09-05",
          "title": "First swim in the lido this year",
          "type": "memory",
          "venue": "Brockwell Lido",
        },
        "source": "generic",
        "start": "2026-09-05",
        "startTz": "Europe/London",
        "startUTC": undefined,
        "tier": 3,
        "venue": "Brockwell Lido",
      },
      "sourceRow": 6,
      "warnings": [],
    },
  ],
  "errors": [],
}
`;
